../Core/Src/main.c:80:6:uart_gonder	16	static
../Core/Src/main.c:85:6:basla	8	static
../Core/Src/main.c:125:6:HAL_GPIO_EXTI_Callback	16	static
../Core/Src/main.c:243:5:main	128	static
../Core/Src/main.c:495:6:SystemClock_Config	88	static
../Core/Src/main.c:542:13:MX_ADC1_Init	24	static
../Core/Src/main.c:589:13:MX_ADC2_Init	24	static
../Core/Src/main.c:636:13:MX_TIM1_Init	96	static
../Core/Src/main.c:711:13:MX_TIM4_Init	48	static
../Core/Src/main.c:764:13:MX_USART3_UART_Init	8	static
../Core/Src/main.c:798:13:MX_GPIO_Init	40	static
../Core/Src/main.c:870:6:Error_Handler	8	static,ignoring_inline_asm
