../Core/Src/stm32f1xx_hal_msp.c:66:6:HAL_MspInit	8	static
../Core/Src/stm32f1xx_hal_msp.c:92:6:HAL_ADC_MspInit	48	static
../Core/Src/stm32f1xx_hal_msp.c:144:6:HAL_ADC_MspDeInit	0	static
../Core/Src/stm32f1xx_hal_msp.c:189:6:HAL_TIM_Base_MspInit	8	static
../Core/Src/stm32f1xx_hal_msp.c:211:6:HAL_TIM_PWM_MspInit	8	static
../Core/Src/stm32f1xx_hal_msp.c:227:6:HAL_TIM_MspPostInit	32	static
../Core/Src/stm32f1xx_hal_msp.c:276:6:HAL_TIM_Base_MspDeInit	0	static
../Core/Src/stm32f1xx_hal_msp.c:298:6:HAL_TIM_PWM_MspDeInit	0	static
../Core/Src/stm32f1xx_hal_msp.c:320:6:HAL_UART_MspInit	32	static
../Core/Src/stm32f1xx_hal_msp.c:359:6:HAL_UART_MspDeInit	0	static
